
 Start  Stop   Length Name               Class

 00000H 068AFH 068B0H _TEXT              CODE
 068B0H 0B196H 048E7H RUBIK3_TEXT        CODE
 0B197H 0BDCDH 00C37H BACKTRAC_TEXT      CODE
 0BDCEH 0D204H 01437H GRAPHICS_TEXT      CODE
 0D205H 0D5F0H 003ECH GRMOUSE_TEXT       CODE
 0D5F1H 0F0ADH 01ABDH KIRAK_TEXT         CODE
 0F0AEH 0FD4DH 00CA0H OPTIMIZE_TEXT      CODE
 0FD50H 124C6H 02777H EMU_PROG           CODE
 124D0H 12A97H 005C8H E87_PROG           CODE
 12AA0H 12AA0H 00000H _FARDATA           FAR_DATA
 12AA0H 12AA0H 00000H _FARBSS            FAR_BSS
 12AA0H 12AA0H 00000H _OVERLAY_          OVRINFO
 12AA0H 12AA0H 00000H _1STUB_            STUBSEG
 12AA0H 146D3H 01C34H _DATA              DATA
 146D4H 146D7H 00004H _CVTSEG            DATA
 146D8H 146E3H 0000CH _SCNSEG            DATA
 146E4H 146E4H 00000H _CONST             CONST
 146E4H 14719H 00036H _INIT_             INITDATA
 1471AH 1471AH 00000H _INITEND_          INITDATA
 1471AH 14731H 00018H _EXIT_             EXITDATA
 14732H 14732H 00000H _EXITEND_          EXITDATA
 14732H 164F3H 01DC2H _BSS               BSS
 164F4H 164F4H 00000H _BSSEND            BSSEND
 16500H 1657FH 00080H _STACK             STACK


Detailed map of segments

 0000:0000 02C8 C=CODE   S=_TEXT          G=(none)  M=c0.ASM     ACBP=28
 0000:02C8 0258 C=CODE   S=_TEXT          G=(none)  M=FPINIT     ACBP=28
 0000:0520 0000 C=CODE   S=_TEXT          G=(none)  M=E87TRAP    ACBP=28
 0000:0520 0000 C=CODE   S=_TEXT          G=(none)  M=PROTFLAG   ACBP=28
 0000:0520 0000 C=CODE   S=_TEXT          G=(none)  M=DEFLT87    ACBP=28
 0000:0520 0000 C=CODE   S=_TEXT          G=(none)  M=HUGEVAL    ACBP=28
 0000:0520 009A C=CODE   S=_TEXT          G=(none)  M=LDTRUNC    ACBP=28
 0000:05BA 0000 C=CODE   S=_TEXT          G=(none)  M=MATHWHY    ACBP=28
 0000:05BA 01B5 C=CODE   S=_TEXT          G=(none)  M=REALCVT    ACBP=28
 0000:076F 0361 C=CODE   S=_TEXT          G=(none)  M=SCANTOD    ACBP=28
 0000:0AD0 0209 C=CODE   S=_TEXT          G=(none)  M=XCVT       ACBP=28
 0000:0CD9 00A6 C=CODE   S=_TEXT          G=(none)  M=FPERR      ACBP=28
 0000:0D7F 00C9 C=CODE   S=_TEXT          G=(none)  M=_POW10     ACBP=28
 0000:0E48 000B C=CODE   S=_TEXT          G=(none)  M=POW10D     ACBP=28
 0000:0E53 0026 C=CODE   S=_TEXT          G=(none)  M=MATHERR    ACBP=28
 0000:0E79 003F C=CODE   S=_TEXT          G=(none)  M=SQRT       ACBP=28
 0000:0EB8 004D C=CODE   S=_TEXT          G=(none)  M=SIN        ACBP=28
 0000:0F05 0090 C=CODE   S=_TEXT          G=(none)  M=_MATHERR   ACBP=28
 0000:0F95 002C C=CODE   S=_TEXT          G=(none)  M=FFTOL      ACBP=28
 0000:0FC1 002D C=CODE   S=_TEXT          G=(none)  M=ATEXIT     ACBP=28
 0000:0FEE 0000 C=CODE   S=_TEXT          G=(none)  M=CTYPE      ACBP=28
 0000:0FEE 000E C=CODE   S=_TEXT          G=(none)  M=DEL        ACBP=28
 0000:0FFC 0038 C=CODE   S=_TEXT          G=(none)  M=DOSFATTR   ACBP=28
 0000:1034 0093 C=CODE   S=_TEXT          G=(none)  M=EXIT       ACBP=28
 0000:10C7 0000 C=CODE   S=_TEXT          G=(none)  M=FILES      ACBP=28
 0000:10C7 0000 C=CODE   S=_TEXT          G=(none)  M=FILES2     ACBP=28
 0000:10C7 0000 C=CODE   S=_TEXT          G=(none)  M=FMODE      ACBP=28
 0000:10C7 0000 C=CODE   S=_TEXT          G=(none)  M=FPSTKLEN   ACBP=28
 0000:10C7 0017 C=CODE   S=_TEXT          G=(none)  M=F_LXMUL    ACBP=28
 0000:10DE 0021 C=CODE   S=_TEXT          G=(none)  M=F_PCMP     ACBP=28
 0000:10FF 001C C=CODE   S=_TEXT          G=(none)  M=F_SCOPY    ACBP=28
 0000:111B 0026 C=CODE   S=_TEXT          G=(none)  M=GETDATE    ACBP=28
 0000:1141 0000 C=CODE   S=_TEXT          G=(none)  M=HEAPLEN    ACBP=28
 0000:1141 00AE C=CODE   S=_TEXT          G=(none)  M=H_LDIV     ACBP=28
 0000:11EF 0021 C=CODE   S=_TEXT          G=(none)  M=H_LLSH     ACBP=28
 0000:1210 0021 C=CODE   S=_TEXT          G=(none)  M=H_LURSH    ACBP=28
 0000:1231 0088 C=CODE   S=_TEXT          G=(none)  M=H_PADA     ACBP=28
 0000:12B9 0060 C=CODE   S=_TEXT          G=(none)  M=H_PADD     ACBP=28
 0000:1319 0028 C=CODE   S=_TEXT          G=(none)  M=H_PSBP     ACBP=28
 0000:1341 0027 C=CODE   S=_TEXT          G=(none)  M=H_SPUSH    ACBP=28
 0000:1368 004B C=CODE   S=_TEXT          G=(none)  M=IOERROR    ACBP=28
 0000:13B3 0011 C=CODE   S=_TEXT          G=(none)  M=ISATTY     ACBP=28
 0000:13C4 009A C=CODE   S=_TEXT          G=(none)  M=LONGTOA    ACBP=28
 0000:145E 0029 C=CODE   S=_TEXT          G=(none)  M=LSEEK      ACBP=28
 0000:1487 0082 C=CODE   S=_TEXT          G=(none)  M=MKNAME     ACBP=28
 0000:1509 0066 C=CODE   S=_TEXT          G=(none)  M=NEW        ACBP=28
 0000:156F 0017 C=CODE   S=_TEXT          G=(none)  M=N_LXMUL    ACBP=28
 0000:1586 0021 C=CODE   S=_TEXT          G=(none)  M=N_PCMP     ACBP=28
 0000:15A7 0037 C=CODE   S=_TEXT          G=(none)  M=RAND       ACBP=28
 0000:15DE 002D C=CODE   S=_TEXT          G=(none)  M=READA      ACBP=28
 0000:160B 0026 C=CODE   S=_TEXT          G=(none)  M=SETDATE    ACBP=28
 0000:1631 00A5 C=CODE   S=_TEXT          G=(none)  M=SETUPIO    ACBP=28
 0000:16D6 0000 C=CODE   S=_TEXT          G=(none)  M=SIGDATA    ACBP=28
 0000:16D6 0085 C=CODE   S=_TEXT          G=(none)  M=STIME      ACBP=28
 0000:175B 0000 C=CODE   S=_TEXT          G=(none)  M=STKLEN     ACBP=28
 0000:175B 0016 C=CODE   S=_TEXT          G=(none)  M=UNLINK     ACBP=28
 0000:1771 04CB C=CODE   S=_TEXT          G=(none)  M=VPRINTER   ACBP=28
 0000:1C3C 009F C=CODE   S=_TEXT          G=(none)  M=VRAM       ACBP=28
 0000:1CDB 0000 C=CODE   S=_TEXT          G=(none)  M=WSCROLL    ACBP=28
 0000:1CDB 0029 C=CODE   S=_TEXT          G=(none)  M=_STPCPY    ACBP=28
 0000:1D04 006F C=CODE   S=_TEXT          G=(none)  M=BRK        ACBP=28
 0000:1D73 0149 C=CODE   S=_TEXT          G=(none)  M=CPRINTF    ACBP=28
 0000:1EBC 01A1 C=CODE   S=_TEXT          G=(none)  M=CRTINIT    ACBP=28
 0000:205D 001F C=CODE   S=_TEXT          G=(none)  M=CVTFAK     ACBP=28
 0000:207C 0421 C=CODE   S=_TEXT          G=(none)  M=FARHEAP    ACBP=28
 0000:249D 0140 C=CODE   S=_TEXT          G=(none)  M=FBRK       ACBP=28
 0000:25DD 009D C=CODE   S=_TEXT          G=(none)  M=FCALLOC    ACBP=28
 0000:267A 005E C=CODE   S=_TEXT          G=(none)  M=GETCH      ACBP=28
 0000:26D8 0049 C=CODE   S=_TEXT          G=(none)  M=GOTOXY     ACBP=28
 0000:2721 00A8 C=CODE   S=_TEXT          G=(none)  M=GPTEXT     ACBP=28
 0000:27C9 00A4 C=CODE   S=_TEXT          G=(none)  M=INTR       ACBP=28
 0000:286D 0027 C=CODE   S=_TEXT          G=(none)  M=IOCTL      ACBP=28
 0000:2894 0012 C=CODE   S=_TEXT          G=(none)  M=KBHIT      ACBP=28
 0000:28A6 009D C=CODE   S=_TEXT          G=(none)  M=MOVETEXT   ACBP=28
 0000:2943 027B C=CODE   S=_TEXT          G=(none)  M=NEARHEAP   ACBP=28
 0000:2BBE 0013 C=CODE   S=_TEXT          G=(none)  M=PUTCH      ACBP=28
 0000:2BD1 0004 C=CODE   S=_TEXT          G=(none)  M=REALCVT    ACBP=28
 0000:2BD5 01BD C=CODE   S=_TEXT          G=(none)  M=SCREEN     ACBP=28
 0000:2D92 0188 C=CODE   S=_TEXT          G=(none)  M=SCROLL     ACBP=28
 0000:2F1A 0119 C=CODE   S=_TEXT          G=(none)  M=SETARGV    ACBP=28
 0000:3033 001C C=CODE   S=_TEXT          G=(none)  M=SETBLOCK   ACBP=28
 0000:304F 005D C=CODE   S=_TEXT          G=(none)  M=SETENVP    ACBP=28
 0000:30AC 001F C=CODE   S=_TEXT          G=(none)  M=TEXTMODE   ACBP=28
 0000:30CB 002C C=CODE   S=_TEXT          G=(none)  M=WHEREXY    ACBP=28
 0000:30F7 007D C=CODE   S=_TEXT          G=(none)  M=ATOL       ACBP=28
 0000:3174 001B C=CODE   S=_TEXT          G=(none)  M=CHMODA     ACBP=28
 0000:318F 0028 C=CODE   S=_TEXT          G=(none)  M=CLOSE      ACBP=28
 0000:31B7 001E C=CODE   S=_TEXT          G=(none)  M=CLOSEA     ACBP=28
 0000:31D5 0077 C=CODE   S=_TEXT          G=(none)  M=EOF        ACBP=28
 0000:324C 0081 C=CODE   S=_TEXT          G=(none)  M=FCLOSE     ACBP=28
 0000:32CD 0081 C=CODE   S=_TEXT          G=(none)  M=FFLUSH     ACBP=28
 0000:334E 003A C=CODE   S=_TEXT          G=(none)  M=FLUSHALL   ACBP=28
 0000:3388 01A0 C=CODE   S=_TEXT          G=(none)  M=FOPEN      ACBP=28
 0000:3528 0016 C=CODE   S=_TEXT          G=(none)  M=FPRINTF    ACBP=28
 0000:353E 0122 C=CODE   S=_TEXT          G=(none)  M=FREAD      ACBP=28
 0000:3660 018C C=CODE   S=_TEXT          G=(none)  M=FSEEK      ACBP=28
 0000:37EC 004C C=CODE   S=_TEXT          G=(none)  M=FWRITE     ACBP=28
 0000:3838 0150 C=CODE   S=_TEXT          G=(none)  M=GETC       ACBP=28
 0000:3988 005F C=CODE   S=_TEXT          G=(none)  M=GETENV     ACBP=28
 0000:39E7 001F C=CODE   S=_TEXT          G=(none)  M=MEMCPY     ACBP=28
 0000:3A06 0041 C=CODE   S=_TEXT          G=(none)  M=MEMSET     ACBP=28
 0000:3A47 0183 C=CODE   S=_TEXT          G=(none)  M=OPEN       ACBP=28
 0000:3BCA 004D C=CODE   S=_TEXT          G=(none)  M=OPENA      ACBP=28
 0000:3C17 0017 C=CODE   S=_TEXT          G=(none)  M=PRINTF     ACBP=28
 0000:3C2E 0309 C=CODE   S=_TEXT          G=(none)  M=PUTC       ACBP=28
 0000:3F37 00CE C=CODE   S=_TEXT          G=(none)  M=READ       ACBP=28
 0000:4005 0003 C=CODE   S=_TEXT          G=(none)  M=READU      ACBP=28
 0000:4008 00D8 C=CODE   S=_TEXT          G=(none)  M=SETVBUF    ACBP=28
 0000:40E0 0039 C=CODE   S=_TEXT          G=(none)  M=STRCAT     ACBP=28
 0000:4119 002F C=CODE   S=_TEXT          G=(none)  M=STRCMP     ACBP=28
 0000:4148 0022 C=CODE   S=_TEXT          G=(none)  M=STRCPY     ACBP=28
 0000:416A 0040 C=CODE   S=_TEXT          G=(none)  M=STRICMP    ACBP=28
 0000:41AA 001A C=CODE   S=_TEXT          G=(none)  M=STRLEN     ACBP=28
 0000:41C4 002C C=CODE   S=_TEXT          G=(none)  M=STRNCPY    ACBP=28
 0000:41F0 02E9 C=CODE   S=_TEXT          G=(none)  M=TIMECVT    ACBP=28
 0000:44D9 0260 C=CODE   S=_TEXT          G=(none)  M=TZSET      ACBP=28
 0000:4739 010E C=CODE   S=_TEXT          G=(none)  M=WRITE      ACBP=28
 0000:4847 003A C=CODE   S=_TEXT          G=(none)  M=WRITEA     ACBP=28
 0000:4881 0003 C=CODE   S=_TEXT          G=(none)  M=WRITEU     ACBP=28
 0000:4884 0028 C=CODE   S=_TEXT          G=(none)  M=XFCLOSE    ACBP=28
 0000:48AC 0023 C=CODE   S=_TEXT          G=(none)  M=XFFLUSH    ACBP=28
 0000:48CF 0024 C=CODE   S=_TEXT          G=(none)  M=FMEMCPY    ACBP=28
 0000:48F3 0043 C=CODE   S=_TEXT          G=(none)  M=FMEMSET    ACBP=28
 0000:4936 0203 C=CODE   S=_TEXT          G=(none)  M=IOSTSTD    ACBP=28
 0000:4B39 001E C=CODE   S=_TEXT          G=(none)  M=OSTENDL    ACBP=28
 0000:4B57 0079 C=CODE   S=_TEXT          G=(none)  M=FSBCLOSE   ACBP=28
 0000:4BD0 0095 C=CODE   S=_TEXT          G=(none)  M=FSBCTR1    ACBP=28
 0000:4C65 0096 C=CODE   S=_TEXT          G=(none)  M=FSBCTR2    ACBP=28
 0000:4CFB 004A C=CODE   S=_TEXT          G=(none)  M=FSBDTR     ACBP=28
 0000:4D45 00E6 C=CODE   S=_TEXT          G=(none)  M=FSBOFLOW   ACBP=28
 0000:4E2B 0119 C=CODE   S=_TEXT          G=(none)  M=FSBOPEN    ACBP=28
 0000:4F44 0089 C=CODE   S=_TEXT          G=(none)  M=FSBSBUF    ACBP=28
 0000:4FCD 012F C=CODE   S=_TEXT          G=(none)  M=FSBSKOFF   ACBP=28
 0000:50FC 00FF C=CODE   S=_TEXT          G=(none)  M=FSBSYNC    ACBP=28
 0000:51FB 013A C=CODE   S=_TEXT          G=(none)  M=FSBUFLOW   ACBP=28
 0000:5335 006E C=CODE   S=_TEXT          G=(none)  M=FSCTR1     ACBP=28
 0000:53A3 0080 C=CODE   S=_TEXT          G=(none)  M=FSCTR2     ACBP=28
 0000:5423 005E C=CODE   S=_TEXT          G=(none)  M=FSDTR      ACBP=28
 0000:5481 005A C=CODE   S=_TEXT          G=(none)  M=FSOPEN     ACBP=28
 0000:54DB 0116 C=CODE   S=_TEXT          G=(none)  M=IFSCTR2    ACBP=28
 0000:55F1 0079 C=CODE   S=_TEXT          G=(none)  M=IFSDTR     ACBP=28
 0000:566A 0018 C=CODE   S=_TEXT          G=(none)  M=ISTASN2    ACBP=28
 0000:5682 0058 C=CODE   S=_TEXT          G=(none)  M=ISTCTR1    ACBP=28
 0000:56DA 005F C=CODE   S=_TEXT          G=(none)  M=ISTCTR4    ACBP=28
 0000:5739 007F C=CODE   S=_TEXT          G=(none)  M=ISTDIPFX   ACBP=28
 0000:57B8 004D C=CODE   S=_TEXT          G=(none)  M=ISTDTR1    ACBP=28
 0000:5805 0058 C=CODE   S=_TEXT          G=(none)  M=ISTDTR2    ACBP=28
 0000:585D 0089 C=CODE   S=_TEXT          G=(none)  M=ISTEATWH   ACBP=28
 0000:58E6 00E2 C=CODE   S=_TEXT          G=(none)  M=ISTECHP    ACBP=28
 0000:59C8 0089 C=CODE   S=_TEXT          G=(none)  M=OFSCTR1    ACBP=28
 0000:5A51 0079 C=CODE   S=_TEXT          G=(none)  M=OFSDTR     ACBP=28
 0000:5ACA 0018 C=CODE   S=_TEXT          G=(none)  M=OSTASN2    ACBP=28
 0000:5AE2 0053 C=CODE   S=_TEXT          G=(none)  M=OSTCTR1    ACBP=28
 0000:5B35 005F C=CODE   S=_TEXT          G=(none)  M=OSTCTR3    ACBP=28
 0000:5B94 0054 C=CODE   S=_TEXT          G=(none)  M=OSTDTR1    ACBP=28
 0000:5BE8 0058 C=CODE   S=_TEXT          G=(none)  M=OSTDTR2    ACBP=28
 0000:5C40 002C C=CODE   S=_TEXT          G=(none)  M=OSTFLUSH   ACBP=28
 0000:5C6C 02C3 C=CODE   S=_TEXT          G=(none)  M=OSTINT     ACBP=28
 0000:5F2F 017A C=CODE   S=_TEXT          G=(none)  M=OSTISCHR   ACBP=28
 0000:60A9 0029 C=CODE   S=_TEXT          G=(none)  M=OSTOPFX    ACBP=28
 0000:60D2 0046 C=CODE   S=_TEXT          G=(none)  M=OSTOSFX    ACBP=28
 0000:6118 0220 C=CODE   S=_TEXT          G=(none)  M=OSTOUTST   ACBP=28
 0000:6338 0032 C=CODE   S=_TEXT          G=(none)  M=STBALC     ACBP=28
 0000:636A 0056 C=CODE   S=_TEXT          G=(none)  M=STBCTR1    ACBP=28
 0000:63C0 008A C=CODE   S=_TEXT          G=(none)  M=STBDSGTN   ACBP=28
 0000:644A 007E C=CODE   S=_TEXT          G=(none)  M=STBDSPTN   ACBP=28
 0000:64C8 0033 C=CODE   S=_TEXT          G=(none)  M=STBDTR     ACBP=28
 0000:64FB 000B C=CODE   S=_TEXT          G=(none)  M=STBOFLOW   ACBP=28
 0000:6506 000B C=CODE   S=_TEXT          G=(none)  M=STBPBFL    ACBP=28
 0000:6511 0022 C=CODE   S=_TEXT          G=(none)  M=STBSBUF    ACBP=28
 0000:6533 0067 C=CODE   S=_TEXT          G=(none)  M=STBSETB    ACBP=28
 0000:659A 003C C=CODE   S=_TEXT          G=(none)  M=STBSETG    ACBP=28
 0000:65D6 002D C=CODE   S=_TEXT          G=(none)  M=STBSETP    ACBP=28
 0000:6603 000E C=CODE   S=_TEXT          G=(none)  M=STBSKOFF   ACBP=28
 0000:6611 001F C=CODE   S=_TEXT          G=(none)  M=STBSKPOS   ACBP=28
 0000:6630 0046 C=CODE   S=_TEXT          G=(none)  M=STBSPUTN   ACBP=28
 0000:6676 0038 C=CODE   S=_TEXT          G=(none)  M=STBSYNC    ACBP=28
 0000:66AE 0024 C=CODE   S=_TEXT          G=(none)  M=STBUFLOW   ACBP=28
 0000:66D2 0034 C=CODE   S=_TEXT          G=(none)  M=STCLEAR    ACBP=28
 0000:6706 0029 C=CODE   S=_TEXT          G=(none)  M=STCTR1     ACBP=28
 0000:672F 0033 C=CODE   S=_TEXT          G=(none)  M=STDTR      ACBP=28
 0000:6762 003E C=CODE   S=_TEXT          G=(none)  M=STINIT     ACBP=28
 0000:67A0 00AD C=CODE   S=_TEXT          G=(none)  M=STSETF1    ACBP=28
 0000:684D 0025 C=CODE   S=_TEXT          G=(none)  M=STSETST    ACBP=28
 0000:6872 003E C=CODE   S=_TEXT          G=(none)  M=STTIE      ACBP=28
 068B:0000 48E7 C=CODE   S=RUBIK3_TEXT    G=(none)  M=SRC\RUBIK3.CPP ACBP=28
 0B19:0007 0C37 C=CODE   S=BACKTRAC_TEXT  G=(none)  M=SRC\BACKTRAC.CPP ACBP=28
 0BDC:000E 1437 C=CODE   S=GRAPHICS_TEXT  G=(none)  M=SRC\GRAPHICS.CPP ACBP=28
 0D20:0005 03EC C=CODE   S=GRMOUSE_TEXT   G=(none)  M=SRC\GRMOUSE.CPP ACBP=28
 0D5F:0001 1ABD C=CODE   S=KIRAK_TEXT     G=(none)  M=SRC\KIRAK.CPP ACBP=28
 0F0A:000E 0CA0 C=CODE   S=OPTIMIZE_TEXT  G=(none)  M=SRC\OPTIMIZE.CPP ACBP=28
 0FD5:0000 0000 C=CODE   S=EMU_PROG       G=(none)  M=FPINIT     ACBP=68
 0FD5:0000 2777 C=CODE   S=EMU_PROG       G=(none)  M=EMU086     ACBP=68
 124D:0000 0000 C=CODE   S=E87_PROG       G=(none)  M=FPINIT     ACBP=68
 124D:0000 03E3 C=CODE   S=E87_PROG       G=(none)  M=EMU087     ACBP=68
 124D:03F0 01D8 C=CODE   S=E87_PROG       G=(none)  M=E87TRAP    ACBP=68
 12AA:0000 0000 C=FAR_DATA S=_FARDATA       G=(none)  M=c0.ASM     ACBP=68
 12AA:0000 0000 C=FAR_BSS S=_FARBSS        G=(none)  M=c0.ASM     ACBP=68
 12AA:0000 0000 C=OVRINFO S=_OVERLAY_      G=(none)  M=c0.ASM     ACBP=68
 12AA:0000 0000 C=STUBSEG S=_1STUB_        G=(none)  M=c0.ASM     ACBP=68
 12AA:0000 00AA C=DATA   S=_DATA          G=DGROUP  M=c0.ASM     ACBP=68
 12AA:00AA 0794 C=DATA   S=_DATA          G=DGROUP  M=SRC\RUBIK3.CPP ACBP=48
 12AA:083E 00DB C=DATA   S=_DATA          G=DGROUP  M=SRC\BACKTRAC.CPP ACBP=48
 12AA:091A 0028 C=DATA   S=_DATA          G=DGROUP  M=SRC\GRAPHICS.CPP ACBP=48
 12AA:0942 01EF C=DATA   S=_DATA          G=DGROUP  M=SRC\GRMOUSE.CPP ACBP=48
 12AA:0B32 0861 C=DATA   S=_DATA          G=DGROUP  M=SRC\KIRAK.CPP ACBP=48
 12AA:1394 0010 C=DATA   S=_DATA          G=DGROUP  M=SRC\OPTIMIZE.CPP ACBP=48
 12AA:13B0 0002 C=DATA   S=_DATA          G=DGROUP  M=FPINIT     ACBP=68
 12AA:13C0 0000 C=DATA   S=_DATA          G=DGROUP  M=E87TRAP    ACBP=68
 12AA:13C0 0003 C=DATA   S=_DATA          G=DGROUP  M=PROTFLAG   ACBP=48
 12AA:13C4 0002 C=DATA   S=_DATA          G=DGROUP  M=DEFLT87    ACBP=48
 12AA:13C6 0024 C=DATA   S=_DATA          G=DGROUP  M=HUGEVAL    ACBP=48
 12AA:13EA 0000 C=DATA   S=_DATA          G=DGROUP  M=LDTRUNC    ACBP=48
 12AA:13EA 0037 C=DATA   S=_DATA          G=DGROUP  M=MATHWHY    ACBP=48
 12AA:1422 0000 C=DATA   S=_DATA          G=DGROUP  M=REALCVT    ACBP=48
 12AA:1422 0018 C=DATA   S=_DATA          G=DGROUP  M=SCANTOD    ACBP=48
 12AA:143A 0000 C=DATA   S=_DATA          G=DGROUP  M=XCVT       ACBP=48
 12AA:143A 008C C=DATA   S=_DATA          G=DGROUP  M=FPERR      ACBP=48
 12AA:14C6 0080 C=DATA   S=_DATA          G=DGROUP  M=_POW10     ACBP=48
 12AA:1546 0000 C=DATA   S=_DATA          G=DGROUP  M=POW10D     ACBP=48
 12AA:1546 0000 C=DATA   S=_DATA          G=DGROUP  M=MATHERR    ACBP=48
 12AA:1546 000D C=DATA   S=_DATA          G=DGROUP  M=SQRT       ACBP=48
 12AA:1554 000C C=DATA   S=_DATA          G=DGROUP  M=SIN        ACBP=48
 12AA:1560 000E C=DATA   S=_DATA          G=DGROUP  M=_MATHERR   ACBP=48
 12AA:1570 0110 C=DATA   S=_DATA          G=DGROUP  M=EMUVARS    ACBP=68
 12AA:1680 0000 C=DATA   S=_DATA          G=DGROUP  M=FFTOL      ACBP=48
 12AA:1680 0002 C=DATA   S=_DATA          G=DGROUP  M=ATEXIT     ACBP=48
 12AA:1682 0101 C=DATA   S=_DATA          G=DGROUP  M=CTYPE      ACBP=48
 12AA:1784 0000 C=DATA   S=_DATA          G=DGROUP  M=DEL        ACBP=48
 12AA:1784 0000 C=DATA   S=_DATA          G=DGROUP  M=DOSFATTR   ACBP=48
 12AA:1784 000C C=DATA   S=_DATA          G=DGROUP  M=EXIT       ACBP=48
 12AA:1790 0140 C=DATA   S=_DATA          G=DGROUP  M=FILES      ACBP=48
 12AA:18D0 002A C=DATA   S=_DATA          G=DGROUP  M=FILES2     ACBP=48
 12AA:18FA 0004 C=DATA   S=_DATA          G=DGROUP  M=FMODE      ACBP=48
 12AA:18FE 0002 C=DATA   S=_DATA          G=DGROUP  M=FPSTKLEN   ACBP=48
 12AA:1900 0000 C=DATA   S=_DATA          G=DGROUP  M=F_LXMUL    ACBP=48
 12AA:1900 0000 C=DATA   S=_DATA          G=DGROUP  M=F_PCMP     ACBP=48
 12AA:1900 0000 C=DATA   S=_DATA          G=DGROUP  M=F_SCOPY    ACBP=48
 12AA:1900 0000 C=DATA   S=_DATA          G=DGROUP  M=GETDATE    ACBP=48
 12AA:1900 0002 C=DATA   S=_DATA          G=DGROUP  M=HEAPLEN    ACBP=48
 12AA:1902 0000 C=DATA   S=_DATA          G=DGROUP  M=H_LDIV     ACBP=48
 12AA:1902 0000 C=DATA   S=_DATA          G=DGROUP  M=H_LLSH     ACBP=48
 12AA:1902 0000 C=DATA   S=_DATA          G=DGROUP  M=H_LURSH    ACBP=48
 12AA:1902 0000 C=DATA   S=_DATA          G=DGROUP  M=H_PADA     ACBP=48
 12AA:1902 0000 C=DATA   S=_DATA          G=DGROUP  M=H_PADD     ACBP=48
 12AA:1902 0000 C=DATA   S=_DATA          G=DGROUP  M=H_PSBP     ACBP=48
 12AA:1902 0000 C=DATA   S=_DATA          G=DGROUP  M=H_SPUSH    ACBP=48
 12AA:1902 005B C=DATA   S=_DATA          G=DGROUP  M=IOERROR    ACBP=48
 12AA:195E 0000 C=DATA   S=_DATA          G=DGROUP  M=ISATTY     ACBP=48
 12AA:195E 0000 C=DATA   S=_DATA          G=DGROUP  M=LONGTOA    ACBP=48
 12AA:195E 0000 C=DATA   S=_DATA          G=DGROUP  M=LSEEK      ACBP=48
 12AA:195E 0009 C=DATA   S=_DATA          G=DGROUP  M=MKNAME     ACBP=48
 12AA:1968 0000 C=DATA   S=_DATA          G=DGROUP  M=NEW        ACBP=48
 12AA:1968 0000 C=DATA   S=_DATA          G=DGROUP  M=N_LXMUL    ACBP=48
 12AA:1968 0000 C=DATA   S=_DATA          G=DGROUP  M=N_PCMP     ACBP=48
 12AA:1968 0004 C=DATA   S=_DATA          G=DGROUP  M=RAND       ACBP=48
 12AA:196C 0000 C=DATA   S=_DATA          G=DGROUP  M=READA      ACBP=48
 12AA:196C 0000 C=DATA   S=_DATA          G=DGROUP  M=SETDATE    ACBP=48
 12AA:196C 0000 C=DATA   S=_DATA          G=DGROUP  M=SETUPIO    ACBP=48
 12AA:196C 0000 C=DATA   S=_DATA          G=DGROUP  M=SIGDATA    ACBP=48
 12AA:196C 0000 C=DATA   S=_DATA          G=DGROUP  M=STIME      ACBP=48
 12AA:196C 0002 C=DATA   S=_DATA          G=DGROUP  M=STKLEN     ACBP=48
 12AA:196E 0000 C=DATA   S=_DATA          G=DGROUP  M=UNLINK     ACBP=48
 12AA:196E 0067 C=DATA   S=_DATA          G=DGROUP  M=VPRINTER   ACBP=48
 12AA:19D6 0000 C=DATA   S=_DATA          G=DGROUP  M=VRAM       ACBP=48
 12AA:19D6 0002 C=DATA   S=_DATA          G=DGROUP  M=WSCROLL    ACBP=48
 12AA:19D8 0000 C=DATA   S=_DATA          G=DGROUP  M=_STPCPY    ACBP=48
 12AA:19D8 0000 C=DATA   S=_DATA          G=DGROUP  M=BRK        ACBP=48
 12AA:19D8 0000 C=DATA   S=_DATA          G=DGROUP  M=CPRINTF    ACBP=48
 12AA:19D8 0018 C=DATA   S=_DATA          G=DGROUP  M=CRTINIT    ACBP=48
 12AA:19F0 0031 C=DATA   S=_DATA          G=DGROUP  M=CVTFAK     ACBP=48
 12AA:1A22 0000 C=DATA   S=_DATA          G=DGROUP  M=FARHEAP    ACBP=48
 12AA:1A22 0002 C=DATA   S=_DATA          G=DGROUP  M=FBRK       ACBP=48
 12AA:1A24 0000 C=DATA   S=_DATA          G=DGROUP  M=FCALLOC    ACBP=48
 12AA:1A24 0000 C=DATA   S=_DATA          G=DGROUP  M=GETCH      ACBP=48
 12AA:1A24 0000 C=DATA   S=_DATA          G=DGROUP  M=GOTOXY     ACBP=48
 12AA:1A24 0000 C=DATA   S=_DATA          G=DGROUP  M=GPTEXT     ACBP=48
 12AA:1A24 0000 C=DATA   S=_DATA          G=DGROUP  M=INTR       ACBP=48
 12AA:1A24 0000 C=DATA   S=_DATA          G=DGROUP  M=IOCTL      ACBP=48
 12AA:1A24 0002 C=DATA   S=_DATA          G=DGROUP  M=KBHIT      ACBP=48
 12AA:1A26 0000 C=DATA   S=_DATA          G=DGROUP  M=MOVETEXT   ACBP=48
 12AA:1A26 0006 C=DATA   S=_DATA          G=DGROUP  M=NEARHEAP   ACBP=48
 12AA:1A2C 0000 C=DATA   S=_DATA          G=DGROUP  M=PUTCH      ACBP=48
 12AA:1A2C 0000 C=DATA   S=_DATA          G=DGROUP  M=REALCVT    ACBP=48
 12AA:1A2C 0000 C=DATA   S=_DATA          G=DGROUP  M=SCREEN     ACBP=48
 12AA:1A2C 0000 C=DATA   S=_DATA          G=DGROUP  M=SCROLL     ACBP=48
 12AA:1A2C 000E C=DATA   S=_DATA          G=DGROUP  M=SETARGV    ACBP=48
 12AA:1A3A 0000 C=DATA   S=_DATA          G=DGROUP  M=SETBLOCK   ACBP=48
 12AA:1A3A 0002 C=DATA   S=_DATA          G=DGROUP  M=SETENVP    ACBP=48
 12AA:1A3C 0000 C=DATA   S=_DATA          G=DGROUP  M=TEXTMODE   ACBP=48
 12AA:1A3C 0000 C=DATA   S=_DATA          G=DGROUP  M=WHEREXY    ACBP=48
 12AA:1A3C 0000 C=DATA   S=_DATA          G=DGROUP  M=ATOL       ACBP=48
 12AA:1A3C 0000 C=DATA   S=_DATA          G=DGROUP  M=CHMODA     ACBP=48
 12AA:1A3C 0000 C=DATA   S=_DATA          G=DGROUP  M=CLOSE      ACBP=48
 12AA:1A3C 0000 C=DATA   S=_DATA          G=DGROUP  M=CLOSEA     ACBP=48
 12AA:1A3C 0000 C=DATA   S=_DATA          G=DGROUP  M=EOF        ACBP=48
 12AA:1A3C 0000 C=DATA   S=_DATA          G=DGROUP  M=FCLOSE     ACBP=48
 12AA:1A3C 0000 C=DATA   S=_DATA          G=DGROUP  M=FFLUSH     ACBP=48
 12AA:1A3C 0000 C=DATA   S=_DATA          G=DGROUP  M=FLUSHALL   ACBP=48
 12AA:1A3C 0000 C=DATA   S=_DATA          G=DGROUP  M=FOPEN      ACBP=48
 12AA:1A3C 0000 C=DATA   S=_DATA          G=DGROUP  M=FPRINTF    ACBP=48
 12AA:1A3C 0000 C=DATA   S=_DATA          G=DGROUP  M=FREAD      ACBP=48
 12AA:1A3C 0000 C=DATA   S=_DATA          G=DGROUP  M=FSEEK      ACBP=48
 12AA:1A3C 0000 C=DATA   S=_DATA          G=DGROUP  M=FWRITE     ACBP=48
 12AA:1A3C 0000 C=DATA   S=_DATA          G=DGROUP  M=GETC       ACBP=48
 12AA:1A3C 0000 C=DATA   S=_DATA          G=DGROUP  M=GETENV     ACBP=48
 12AA:1A3C 0000 C=DATA   S=_DATA          G=DGROUP  M=MEMCPY     ACBP=48
 12AA:1A3C 0000 C=DATA   S=_DATA          G=DGROUP  M=MEMSET     ACBP=48
 12AA:1A3C 0000 C=DATA   S=_DATA          G=DGROUP  M=OPEN       ACBP=48
 12AA:1A3C 0000 C=DATA   S=_DATA          G=DGROUP  M=OPENA      ACBP=48
 12AA:1A3C 0000 C=DATA   S=_DATA          G=DGROUP  M=PRINTF     ACBP=48
 12AA:1A3C 0001 C=DATA   S=_DATA          G=DGROUP  M=PUTC       ACBP=48
 12AA:1A3E 0000 C=DATA   S=_DATA          G=DGROUP  M=READ       ACBP=48
 12AA:1A3E 0000 C=DATA   S=_DATA          G=DGROUP  M=READU      ACBP=48
 12AA:1A3E 0004 C=DATA   S=_DATA          G=DGROUP  M=SETVBUF    ACBP=48
 12AA:1A42 0000 C=DATA   S=_DATA          G=DGROUP  M=STRCAT     ACBP=48
 12AA:1A42 0000 C=DATA   S=_DATA          G=DGROUP  M=STRCMP     ACBP=48
 12AA:1A42 0000 C=DATA   S=_DATA          G=DGROUP  M=STRCPY     ACBP=48
 12AA:1A42 0000 C=DATA   S=_DATA          G=DGROUP  M=STRICMP    ACBP=48
 12AA:1A42 0000 C=DATA   S=_DATA          G=DGROUP  M=STRLEN     ACBP=48
 12AA:1A42 0000 C=DATA   S=_DATA          G=DGROUP  M=STRNCPY    ACBP=48
 12AA:1A42 000C C=DATA   S=_DATA          G=DGROUP  M=TIMECVT    ACBP=48
 12AA:1A4E 002F C=DATA   S=_DATA          G=DGROUP  M=TZSET      ACBP=48
 12AA:1A7E 0000 C=DATA   S=_DATA          G=DGROUP  M=WRITE      ACBP=48
 12AA:1A7E 0000 C=DATA   S=_DATA          G=DGROUP  M=WRITEA     ACBP=48
 12AA:1A7E 0000 C=DATA   S=_DATA          G=DGROUP  M=WRITEU     ACBP=48
 12AA:1A7E 0000 C=DATA   S=_DATA          G=DGROUP  M=XFCLOSE    ACBP=48
 12AA:1A7E 0000 C=DATA   S=_DATA          G=DGROUP  M=XFFLUSH    ACBP=48
 12AA:1A7E 0000 C=DATA   S=_DATA          G=DGROUP  M=FMEMCPY    ACBP=48
 12AA:1A7E 0000 C=DATA   S=_DATA          G=DGROUP  M=FMEMSET    ACBP=48
 12AA:1A7E 0000 C=DATA   S=_DATA          G=DGROUP  M=IOSTSTD    ACBP=48
 12AA:1A7E 0000 C=DATA   S=_DATA          G=DGROUP  M=OSTENDL    ACBP=48
 12AA:1A7E 0000 C=DATA   S=_DATA          G=DGROUP  M=FSBCLOSE   ACBP=48
 12AA:1A7E 002C C=DATA   S=_DATA          G=DGROUP  M=FSBCTR1    ACBP=48
 12AA:1AAA 002C C=DATA   S=_DATA          G=DGROUP  M=FSBCTR2    ACBP=48
 12AA:1AD6 002E C=DATA   S=_DATA          G=DGROUP  M=FSBDTR     ACBP=48
 12AA:1B04 0000 C=DATA   S=_DATA          G=DGROUP  M=FSBOFLOW   ACBP=48
 12AA:1B04 0000 C=DATA   S=_DATA          G=DGROUP  M=FSBOPEN    ACBP=48
 12AA:1B04 0000 C=DATA   S=_DATA          G=DGROUP  M=FSBSBUF    ACBP=48
 12AA:1B04 0000 C=DATA   S=_DATA          G=DGROUP  M=FSBSKOFF   ACBP=48
 12AA:1B04 0000 C=DATA   S=_DATA          G=DGROUP  M=FSBSYNC    ACBP=48
 12AA:1B04 0000 C=DATA   S=_DATA          G=DGROUP  M=FSBUFLOW   ACBP=48
 12AA:1B04 0008 C=DATA   S=_DATA          G=DGROUP  M=FSCTR1     ACBP=48
 12AA:1B0C 0008 C=DATA   S=_DATA          G=DGROUP  M=FSCTR2     ACBP=48
 12AA:1B14 0008 C=DATA   S=_DATA          G=DGROUP  M=FSDTR      ACBP=48
 12AA:1B1C 0000 C=DATA   S=_DATA          G=DGROUP  M=FSOPEN     ACBP=48
 12AA:1B1C 000C C=DATA   S=_DATA          G=DGROUP  M=IFSCTR2    ACBP=48
 12AA:1B28 000C C=DATA   S=_DATA          G=DGROUP  M=IFSDTR     ACBP=48
 12AA:1B34 0000 C=DATA   S=_DATA          G=DGROUP  M=ISTASN2    ACBP=48
 12AA:1B34 0008 C=DATA   S=_DATA          G=DGROUP  M=ISTCTR1    ACBP=48
 12AA:1B3C 0008 C=DATA   S=_DATA          G=DGROUP  M=ISTCTR4    ACBP=48
 12AA:1B44 0000 C=DATA   S=_DATA          G=DGROUP  M=ISTDIPFX   ACBP=48
 12AA:1B44 0008 C=DATA   S=_DATA          G=DGROUP  M=ISTDTR1    ACBP=48
 12AA:1B4C 0008 C=DATA   S=_DATA          G=DGROUP  M=ISTDTR2    ACBP=48
 12AA:1B54 0000 C=DATA   S=_DATA          G=DGROUP  M=ISTEATWH   ACBP=48
 12AA:1B54 0000 C=DATA   S=_DATA          G=DGROUP  M=ISTECHP    ACBP=48
 12AA:1B54 000C C=DATA   S=_DATA          G=DGROUP  M=OFSCTR1    ACBP=48
 12AA:1B60 000C C=DATA   S=_DATA          G=DGROUP  M=OFSDTR     ACBP=48
 12AA:1B6C 0000 C=DATA   S=_DATA          G=DGROUP  M=OSTASN2    ACBP=48
 12AA:1B6C 0008 C=DATA   S=_DATA          G=DGROUP  M=OSTCTR1    ACBP=48
 12AA:1B74 0008 C=DATA   S=_DATA          G=DGROUP  M=OSTCTR3    ACBP=48
 12AA:1B7C 0008 C=DATA   S=_DATA          G=DGROUP  M=OSTDTR1    ACBP=48
 12AA:1B84 0008 C=DATA   S=_DATA          G=DGROUP  M=OSTDTR2    ACBP=48
 12AA:1B8C 0000 C=DATA   S=_DATA          G=DGROUP  M=OSTFLUSH   ACBP=48
 12AA:1B8C 0036 C=DATA   S=_DATA          G=DGROUP  M=OSTINT     ACBP=48
 12AA:1BC2 0000 C=DATA   S=_DATA          G=DGROUP  M=OSTISCHR   ACBP=48
 12AA:1BC2 0000 C=DATA   S=_DATA          G=DGROUP  M=OSTOPFX    ACBP=48
 12AA:1BC2 0000 C=DATA   S=_DATA          G=DGROUP  M=OSTOSFX    ACBP=48
 12AA:1BC2 0000 C=DATA   S=_DATA          G=DGROUP  M=OSTOUTST   ACBP=48
 12AA:1BC2 0000 C=DATA   S=_DATA          G=DGROUP  M=STBALC     ACBP=48
 12AA:1BC2 002C C=DATA   S=_DATA          G=DGROUP  M=STBCTR1    ACBP=48
 12AA:1BEE 0000 C=DATA   S=_DATA          G=DGROUP  M=STBDSGTN   ACBP=48
 12AA:1BEE 0000 C=DATA   S=_DATA          G=DGROUP  M=STBDSPTN   ACBP=48
 12AA:1BEE 002C C=DATA   S=_DATA          G=DGROUP  M=STBDTR     ACBP=48
 12AA:1C1A 0000 C=DATA   S=_DATA          G=DGROUP  M=STBOFLOW   ACBP=48
 12AA:1C1A 0000 C=DATA   S=_DATA          G=DGROUP  M=STBPBFL    ACBP=48
 12AA:1C1A 0000 C=DATA   S=_DATA          G=DGROUP  M=STBSBUF    ACBP=48
 12AA:1C1A 0000 C=DATA   S=_DATA          G=DGROUP  M=STBSETB    ACBP=48
 12AA:1C1A 0000 C=DATA   S=_DATA          G=DGROUP  M=STBSETG    ACBP=48
 12AA:1C1A 0000 C=DATA   S=_DATA          G=DGROUP  M=STBSETP    ACBP=48
 12AA:1C1A 0000 C=DATA   S=_DATA          G=DGROUP  M=STBSKOFF   ACBP=48
 12AA:1C1A 0000 C=DATA   S=_DATA          G=DGROUP  M=STBSKPOS   ACBP=48
 12AA:1C1A 0000 C=DATA   S=_DATA          G=DGROUP  M=STBSPUTN   ACBP=48
 12AA:1C1A 0000 C=DATA   S=_DATA          G=DGROUP  M=STBSYNC    ACBP=48
 12AA:1C1A 0000 C=DATA   S=_DATA          G=DGROUP  M=STBUFLOW   ACBP=48
 12AA:1C1A 0000 C=DATA   S=_DATA          G=DGROUP  M=STCLEAR    ACBP=48
 12AA:1C1A 0004 C=DATA   S=_DATA          G=DGROUP  M=STCTR1     ACBP=48
 12AA:1C1E 0016 C=DATA   S=_DATA          G=DGROUP  M=STDTR      ACBP=48
 12AA:1C34 0000 C=DATA   S=_DATA          G=DGROUP  M=STINIT     ACBP=48
 12AA:1C34 0000 C=DATA   S=_DATA          G=DGROUP  M=STSETF1    ACBP=48
 12AA:1C34 0000 C=DATA   S=_DATA          G=DGROUP  M=STSETST    ACBP=48
 12AA:1C34 0000 C=DATA   S=_DATA          G=DGROUP  M=STTIE      ACBP=48
 12AA:1C34 0000 C=DATA   S=_CVTSEG        G=DGROUP  M=c0.ASM     ACBP=48
 12AA:1C34 0002 C=DATA   S=_CVTSEG        G=DGROUP  M=REALCVT    ACBP=48
 12AA:1C36 0002 C=DATA   S=_CVTSEG        G=DGROUP  M=CVTFAK     ACBP=48
 12AA:1C38 0000 C=DATA   S=_CVTSEG        G=DGROUP  M=REALCVT    ACBP=48
 12AA:1C38 0000 C=DATA   S=_SCNSEG        G=DGROUP  M=c0.ASM     ACBP=48
 12AA:1C38 0006 C=DATA   S=_SCNSEG        G=DGROUP  M=SCANTOD    ACBP=48
 12AA:1C3E 0006 C=DATA   S=_SCNSEG        G=DGROUP  M=CVTFAK     ACBP=48
 12AA:1C44 0000 C=CONST  S=_CONST         G=DGROUP  M=c0.ASM     ACBP=48
 12AA:1C44 0000 C=INITDATA S=_INIT_         G=DGROUP  M=c0.ASM     ACBP=48
 12AA:1C44 0006 C=INITDATA S=_INIT_         G=DGROUP  M=SRC\BACKTRAC.CPP ACBP=48
 12AA:1C4A 0006 C=INITDATA S=_INIT_         G=DGROUP  M=FPINIT     ACBP=48
 12AA:1C50 0006 C=INITDATA S=_INIT_         G=DGROUP  M=SETUPIO    ACBP=48
 12AA:1C56 0006 C=INITDATA S=_INIT_         G=DGROUP  M=CRTINIT    ACBP=48
 12AA:1C5C 0006 C=INITDATA S=_INIT_         G=DGROUP  M=SETARGV    ACBP=48
 12AA:1C62 0006 C=INITDATA S=_INIT_         G=DGROUP  M=SETENVP    ACBP=48
 12AA:1C68 0006 C=INITDATA S=_INIT_         G=DGROUP  M=TZSET      ACBP=48
 12AA:1C6E 000C C=INITDATA S=_INIT_         G=DGROUP  M=IOSTSTD    ACBP=48
 12AA:1C7A 0000 C=INITDATA S=_INITEND_      G=DGROUP  M=c0.ASM     ACBP=28
 12AA:1C7A 0000 C=EXITDATA S=_EXIT_         G=DGROUP  M=c0.ASM     ACBP=48
 12AA:1C7A 0006 C=EXITDATA S=_EXIT_         G=DGROUP  M=SRC\BACKTRAC.CPP ACBP=48
 12AA:1C80 0006 C=EXITDATA S=_EXIT_         G=DGROUP  M=FPINIT     ACBP=48
 12AA:1C86 000C C=EXITDATA S=_EXIT_         G=DGROUP  M=IOSTSTD    ACBP=48
 12AA:1C92 0000 C=EXITDATA S=_EXITEND_      G=DGROUP  M=c0.ASM     ACBP=28
 12AA:1C92 0000 C=BSS    S=_BSS           G=DGROUP  M=c0.ASM     ACBP=48
 12AA:1C92 10FA C=BSS    S=_BSS           G=DGROUP  M=SRC\RUBIK3.CPP ACBP=48
 12AA:2D8C 00BC C=BSS    S=_BSS           G=DGROUP  M=SRC\BACKTRAC.CPP ACBP=48
 12AA:2E48 0022 C=BSS    S=_BSS           G=DGROUP  M=SRC\GRAPHICS.CPP ACBP=48
 12AA:2E6A 01FA C=BSS    S=_BSS           G=DGROUP  M=SRC\GRMOUSE.CPP ACBP=48
 12AA:3064 08AA C=BSS    S=_BSS           G=DGROUP  M=SRC\KIRAK.CPP ACBP=48
 12AA:390E 0000 C=BSS    S=_BSS           G=DGROUP  M=SRC\OPTIMIZE.CPP ACBP=48
 12AA:390E 0000 C=BSS    S=_BSS           G=DGROUP  M=LDTRUNC    ACBP=48
 12AA:390E 0000 C=BSS    S=_BSS           G=DGROUP  M=REALCVT    ACBP=48
 12AA:390E 0000 C=BSS    S=_BSS           G=DGROUP  M=SCANTOD    ACBP=48
 12AA:390E 0000 C=BSS    S=_BSS           G=DGROUP  M=XCVT       ACBP=48
 12AA:390E 0000 C=BSS    S=_BSS           G=DGROUP  M=_POW10     ACBP=48
 12AA:390E 0000 C=BSS    S=_BSS           G=DGROUP  M=SQRT       ACBP=48
 12AA:390E 0000 C=BSS    S=_BSS           G=DGROUP  M=SIN        ACBP=48
 12AA:390E 0080 C=BSS    S=_BSS           G=DGROUP  M=ATEXIT     ACBP=48
 12AA:398E 0000 C=BSS    S=_BSS           G=DGROUP  M=DOSFATTR   ACBP=48
 12AA:398E 0000 C=BSS    S=_BSS           G=DGROUP  M=IOERROR    ACBP=48
 12AA:398E 0000 C=BSS    S=_BSS           G=DGROUP  M=ISATTY     ACBP=48
 12AA:398E 0000 C=BSS    S=_BSS           G=DGROUP  M=LONGTOA    ACBP=48
 12AA:398E 0000 C=BSS    S=_BSS           G=DGROUP  M=LSEEK      ACBP=48
 12AA:398E 000D C=BSS    S=_BSS           G=DGROUP  M=MKNAME     ACBP=48
 12AA:399C 0004 C=BSS    S=_BSS           G=DGROUP  M=NEW        ACBP=48
 12AA:39A0 0000 C=BSS    S=_BSS           G=DGROUP  M=READA      ACBP=48
 12AA:39A0 0000 C=BSS    S=_BSS           G=DGROUP  M=SETDATE    ACBP=48
 12AA:39A0 0000 C=BSS    S=_BSS           G=DGROUP  M=SETUPIO    ACBP=48
 12AA:39A0 0004 C=BSS    S=_BSS           G=DGROUP  M=SIGDATA    ACBP=48
 12AA:39A4 0000 C=BSS    S=_BSS           G=DGROUP  M=UNLINK     ACBP=48
 12AA:39A4 0000 C=BSS    S=_BSS           G=DGROUP  M=VPRINTER   ACBP=48
 12AA:39A4 0000 C=BSS    S=_BSS           G=DGROUP  M=VRAM       ACBP=48
 12AA:39A4 0000 C=BSS    S=_BSS           G=DGROUP  M=BRK        ACBP=48
 12AA:39A4 0000 C=BSS    S=_BSS           G=DGROUP  M=CRTINIT    ACBP=48
 12AA:39A4 0000 C=BSS    S=_BSS           G=DGROUP  M=FCALLOC    ACBP=48
 12AA:39A4 0000 C=BSS    S=_BSS           G=DGROUP  M=GETCH      ACBP=48
 12AA:39A4 0000 C=BSS    S=_BSS           G=DGROUP  M=INTR       ACBP=48
 12AA:39A4 0000 C=BSS    S=_BSS           G=DGROUP  M=IOCTL      ACBP=48
 12AA:39A4 0000 C=BSS    S=_BSS           G=DGROUP  M=KBHIT      ACBP=48
 12AA:39A4 0000 C=BSS    S=_BSS           G=DGROUP  M=SETBLOCK   ACBP=48
 12AA:39A4 0000 C=BSS    S=_BSS           G=DGROUP  M=ATOL       ACBP=48
 12AA:39A4 0000 C=BSS    S=_BSS           G=DGROUP  M=CHMODA     ACBP=48
 12AA:39A4 0000 C=BSS    S=_BSS           G=DGROUP  M=CLOSEA     ACBP=48
 12AA:39A4 0000 C=BSS    S=_BSS           G=DGROUP  M=EOF        ACBP=48
 12AA:39A4 0000 C=BSS    S=_BSS           G=DGROUP  M=FREAD      ACBP=48
 12AA:39A4 0000 C=BSS    S=_BSS           G=DGROUP  M=FWRITE     ACBP=48
 12AA:39A4 0001 C=BSS    S=_BSS           G=DGROUP  M=GETC       ACBP=48
 12AA:39A6 0000 C=BSS    S=_BSS           G=DGROUP  M=GETENV     ACBP=48
 12AA:39A6 0000 C=BSS    S=_BSS           G=DGROUP  M=MEMCPY     ACBP=48
 12AA:39A6 0000 C=BSS    S=_BSS           G=DGROUP  M=MEMSET     ACBP=48
 12AA:39A6 0000 C=BSS    S=_BSS           G=DGROUP  M=OPEN       ACBP=48
 12AA:39A6 0000 C=BSS    S=_BSS           G=DGROUP  M=OPENA      ACBP=48
 12AA:39A6 0001 C=BSS    S=_BSS           G=DGROUP  M=PUTC       ACBP=48
 12AA:39A8 0000 C=BSS    S=_BSS           G=DGROUP  M=READ       ACBP=48
 12AA:39A8 0000 C=BSS    S=_BSS           G=DGROUP  M=STRCAT     ACBP=48
 12AA:39A8 0000 C=BSS    S=_BSS           G=DGROUP  M=STRCMP     ACBP=48
 12AA:39A8 0000 C=BSS    S=_BSS           G=DGROUP  M=STRCPY     ACBP=48
 12AA:39A8 0000 C=BSS    S=_BSS           G=DGROUP  M=STRICMP    ACBP=48
 12AA:39A8 0000 C=BSS    S=_BSS           G=DGROUP  M=STRLEN     ACBP=48
 12AA:39A8 0000 C=BSS    S=_BSS           G=DGROUP  M=STRNCPY    ACBP=48
 12AA:39A8 0008 C=BSS    S=_BSS           G=DGROUP  M=TZSET      ACBP=48
 12AA:39B0 0000 C=BSS    S=_BSS           G=DGROUP  M=WRITEA     ACBP=48
 12AA:39B0 0000 C=BSS    S=_BSS           G=DGROUP  M=FMEMCPY    ACBP=48
 12AA:39B0 0000 C=BSS    S=_BSS           G=DGROUP  M=FMEMSET    ACBP=48
 12AA:39B0 00A0 C=BSS    S=_BSS           G=DGROUP  M=IOSTSTD    ACBP=48
 12AA:3A50 0004 C=BSS    S=_BSS           G=DGROUP  M=STDTR      ACBP=48
 12AA:3A54 0000 C=BSSEND S=_BSSEND        G=DGROUP  M=c0.ASM     ACBP=28
 1650:0000 0080 C=STACK  S=_STACK         G=(none)  M=c0.ASM     ACBP=74

  Address         Publics by Name

 0000:0FEE       operator delete(void near*)
 0000:1533       operator new(unsigned int)
 068B:047F       Abort(int,unsigned char near*)
 0F0A:0056 idle  add(forgatas,forgatas)
 068B:04AF idle  atad()
 0B19:081F       backTrack(int[6][9]near*,int)
 068B:3252 idle  betoltkocka()
 0BDC:03A0       cleardevice()
 0BDC:0172       closegraph()
 0D20:0005 idle  cmouse(unsigned int near*,unsigned int near*,unsigned int near*,unsigned int near*)
 0F0A:0034 idle  cpy(forgatas far*,forgatas)
 0BDC:00D7       drawscreen()
 0F0A:000E idle  ekv(forgatas,forgatas)
 0D5F:1698 idle  elkockak_helyre()
 0D5F:1764 idle  elkockak_szinre()
 0D5F:154B idle  elkocka_helyen(int)
 0000:4B39       endl(ostream near&)
 0B19:0151 idle  expand(unsigned char near*,unsigned char near*)
 0D5F:07B5 idle  e_alulrol_kozepre()
 0D5F:0B55 idle  e_alulrol_lentre()
 0D5F:08D9 idle  e_fentrol_kozepre()
 0D5F:0DB0 idle  e_fentrol_lentre()
 0D5F:0612 idle  e_keresztbol_kozepre()
 0D5F:0454 idle  e_kozeprol_keresztbe()
 0D5F:0691 idle  e_lentrol_kozepre()
 0D5F:0999 idle  e_lentrol_sarokba()
 0D5F:0CBA idle  e_sarokbol_lentre()
 0D5F:014A idle  feljegyez(unsigned char near*)
 0000:4C65       filebuf::filebuf(int)
 0000:4BD0       filebuf::filebuf()
 0000:4CFB       filebuf::~filebuf()
 0000:4B57       filebuf::close()
 0000:4E2B       filebuf::open(const char near*,int,int)
 12AA:1AD6       filebuf::openprot
 0000:4D45       filebuf::overflow(int)
 0000:4FCD       filebuf::seekoff(long,seek_dir,int)
 0000:4F44       filebuf::setbuf(char near*,int)
 0000:50FC       filebuf::sync()
 0000:51FB       filebuf::underflow()
 0F0A:0216 idle  ford_i(unsigned char)
 0F0A:01E4 idle  ford_r(unsigned char)
 068B:2BC6       forgat(int,int,int,int,int)
 068B:2887 idle  forgat_atszinez(int,int,int,int)
 068B:11BF idle  forgat_rajz(int,int,int,int,int,int,int)
 0000:53A3       fstreambase::fstreambase(const char near*,int,int)
 0000:5335       fstreambase::fstreambase()
 0000:5423       fstreambase::~fstreambase()
 0000:5481       fstreambase::open(const char near*,int,int)
 0BDC:10ED idle  getpicture(unsigned char near*,int,int,int,int)
 0BDC:02F0       getpixel(int,int)
 0D5F:0324 idle  gyorsforgatas(int)
 0D5F:0246       gyorsforgatas(unsigned char near*)
 0D20:0306 idle  hidecursor()
 068B:419E idle  hol_all_az_eger(int near&,int near&,int near&,int near&,int,int)
 068B:40BA idle  hossz(floatkoord)
 068B:40F0 idle  hossz(koordinata)
 068B:408F idle  hossz(floatkoord2d)
 0000:555A       ifstream::ifstream(const unsigned char near*,int,int)
 0000:54DB idle  ifstream::ifstream(const char near*,int,int)
 0000:55F1       ifstream::~ifstream()
 0000:6706       ios::ios()
 0000:672F       ios::~ios()
 12AA:1C22       ios::adjustfield
 12AA:1C1E       ios::basefield
 0000:66D2       ios::clear(int)
 12AA:1C26       ios::floatfield
 0000:6762       ios::init(streambuf near*)
 12AA:1C2A idle  ios::nextbit
 0000:67A0       ios::setf(long)
 0000:684D       ios::setstate(int)
 12AA:3A50 idle  ios::stdioflush
 0000:6872       ios::tie(ostream near*)
 12AA:1C2E idle  ios::usercount
 0000:4A71 idle  Iostream_delete()
 0000:5682       istream::istream()
 0000:57B8       istream::~istream()
 0000:58E6       istream::operator >>(char near*)
 0000:585D       istream::eatwhite()
 0000:5739       istream::ipfx(int)
 0000:566A       istream_withassign::operator =(streambuf near*)
 0000:56DA       istream_withassign::istream_withassign()
 0000:5805       istream_withassign::~istream_withassign()
 0B19:005C idle  keres(unsigned char near*,unsigned char near*)
 068B:1018 idle  kever()
 0D5F:00B9 idle  kirakva_alja()
 0D5F:0124 idle  kirakva_kocka()
 0D5F:006F idle  kirakva_kozepe()
 0D5F:0001 idle  kirakva_teteje()
 0D5F:1961 idle  kirak_alja()
 0D5F:19A2       kirak_kocka(int[6][9]near*)
 0D5F:193A idle  kirak_kozepe()
 0D5F:1816 idle  kirak_teteje()
 068B:36FE idle  kocka_allapot(int)
 068B:44F9 idle  kocka_beolvasas()
 068B:10D0       kocka_rajz()
 0B19:06ED idle  kovetkezo(int[6][9]near*,unsigned char near*,int near*,long near*)
 0B19:09AA idle  legrosszabb(int[6][9]near*,int)
 0BDC:04BD idle  line2d(int,int,int,int,scankoord far*)
 0B19:0299 idle  melyiksarok(int,int)
 068B:32D6 idle  ment()
 068B:31F1 idle  mentkocka()
 0D20:0058       mouseinit()
 0D20:030B       mousepos(unsigned int near*,unsigned int near*,unsigned int near*)
 0D20:02BD       mouse_status(int)
 0D5F:0EB0 idle  m_fentrol_kozepre()
 0D5F:0FD5 idle  m_kozeprol_fentre()
 0B19:0623 idle  next(int[6][9]near*,long near*,int)
 0B19:0186 idle  novel(unsigned char near*,int)
 0000:59C8       ofstream::ofstream()
 0000:5A51       ofstream::~ofstream()
 0F0A:0229       optimize(unsigned char near*)
 0000:5AE2       ostream::ostream()
 0000:5B94       ostream::~ostream()
 0000:5D27       ostream::operator <<(long)
 0000:5E5D idle  ostream::operator <<(unsigned long)
 0000:5F2F       ostream::operator <<(char)
 0000:60A9       ostream::do_opfx()
 0000:60D2       ostream::do_osfx()
 0000:5C40       ostream::flush()
 0000:6118       ostream::outstr(const char near*,const char near*)
 0000:5ACA       ostream_withassign::operator =(streambuf near*)
 0000:5B35       ostream_withassign::ostream_withassign()
 0000:5BE8       ostream_withassign::~ostream_withassign()
 0B19:0408 idle  p(int[6][9]near*)
 0BDC:01A3       paletteinit()
 0BDC:0462       perspect(int near*,int near*,int)
 0B19:0104 idle  play(unsigned char near*,int)
 0B19:0521 idle  playWithoutDrawing(unsigned char near*)
 0B19:0007 idle  pow(long,int)
 0BDC:0FC3       putpicture(unsigned char near*,int,int,int,int)
 0BDC:0331 idle  putpixel(int,int,unsigned char)
 0BDC:1305       rectangle2D(int,int,int,int,int,int)
 0BDC:06D7       rectangle3d()
 0D5F:1271 idle  sarokkockak_helyre()
 0D5F:13A1 idle  sarokkockak_szinre()
 0D5F:1095 idle  sarokkocka_helyen(int)
 068B:4154 idle  set(koordinata far*,int,int,int)
 0BDC:040A       setbkcolor(int)
 0BDC:0198       setcolor(int)
 0BDC:000E       setgraphmode()
 0D20:03B7 idle  setmouse(unsigned int,unsigned int)
 0000:1509 idle  set_new_handler(void(far*)())
 0D20:02CD idle  showcursor()
 068B:4176 idle  sign(float)
 068B:4057 idle  skal(floatkoord,koordinata)
 0000:636A       streambuf::streambuf()
 0000:64C8       streambuf::~streambuf()
 0000:6338       streambuf::doallocate()
 0000:63C0       streambuf::do_sgetn(char near*,int)
 0000:644A       streambuf::do_sputn(const char near*,int)
 0000:64FB       streambuf::overflow(int)
 0000:6506       streambuf::pbackfail(int)
 0000:6603       streambuf::seekoff(long,seek_dir,int)
 0000:6611       streambuf::seekpos(long,int)
 0000:6533       streambuf::setb(char near*,char near*,int)
 0000:6511       streambuf::setbuf(char near*,int)
 0000:659A       streambuf::setg(char near*,char near*,char near*)
 0000:65D6       streambuf::setp(char near*,char near*)
 0000:6630       streambuf::sputn(const char near*,int)
 0000:6676       streambuf::sync()
 0000:66AE       streambuf::underflow()
 068B:3FFA idle  sum(koordinata,floatkoord)
 0B19:0594 idle  test(int[6][9]near*,unsigned char near*,int)
 0BDC:1162 idle  test_screen_draw_speed(int)
 0BDC:1186 idle  teszt_szamolasi_sebesseg()
 0B19:05DD idle  vissza(int[6][9]near*,unsigned char near*,int near*,long near*)
 0B19:01BE idle  w(int[6][9]near*)
 0B19:0203 idle  w2(int[6][9]near*)
 12AA:0000 idle  DATASEG@
 0000:02C4 idle  DGROUP@
 0FD5:2152       e086_Entry
 0FD5:26E0       e086_Shortcut
 124D:0306       e087_Entry
 124D:03C6       e087_Shortcut
 124D:0430       e087_Trap
 0000:FE32 idle  FIARQQ
 0000:0E32 idle  FICRQQ
 0000:5C32  Abs  FIDRQQ
 0000:1632  Abs  FIERQQ
 0000:0632 idle  FISRQQ
 0000:A23D  Abs  FIWRQQ
 0000:4000 idle  FJARQQ
 0000:C000 idle  FJCRQQ
 0000:8000 idle  FJSRQQ
 0000:0F95 idle  FTOL@
 0000:0F95       F_FTOL@
 0000:1144       F_LDIV@
 0000:1153       F_LMOD@
 0000:114B idle  F_LUDIV@
 0000:115B idle  F_LUMOD@
 0000:11F2       F_LXLSH@
 0000:10C7       F_LXMUL@
 0000:1213 idle  F_LXURSH@
 0000:1234       F_PADA@
 0000:12BC       F_PADD@
 0000:10DE       F_PCMP@
 0000:1278       F_PSBA@
 0000:131C       F_PSBP@
 0000:12EB idle  F_PSUB@
 0000:10FF       F_SCOPY@
 0000:1347       F_SPUSH@
 0000:1144 idle  LDIV@
 0000:1153 idle  LMOD@
 0000:114B idle  LUDIV@
 0000:115B idle  LUMOD@
 0000:11F2 idle  LXLSH@
 0000:10C7 idle  LXMUL@
 0000:1213 idle  LXURSH@
 0000:1141       N_LDIV@
 0000:1150       N_LMOD@
 0000:1148       N_LUDIV@
 0000:1158       N_LUMOD@
 0000:11EF       N_LXLSH@
 0000:156F       N_LXMUL@
 0000:1210       N_LXURSH@
 0000:1231       N_PADA@
 0000:12B9       N_PADD@
 0000:1586       N_PCMP@
 0000:1275 idle  N_PSBA@
 0000:1319 idle  N_PSBP@
 0000:12E8 idle  N_PSUB@
 0000:1341 idle  N_SPUSH@
 0000:1234 idle  PADA@
 0000:12BC idle  PADD@
 0000:10DE idle  PCMP@
 0000:1278 idle  PSBA@
 0000:131C idle  PSBP@
 0000:12EB idle  PSUB@
 0000:10FF idle  SCOPY@
 0000:1347 idle  SPUSH@
 0000:02AD       _abort
 12AA:2E66 idle  _activepage
 12AA:01CF idle  _aktiv_kocka
 12AA:313C idle  _algoritmus
 0000:0FC1 idle  _atexit
 0000:3167 idle  _atoi
 0000:30F7       _atol
 12AA:00B3 idle  _box
 12AA:1D52       _boxkoord
 0000:1D57 idle  _brk
 12AA:39FE idle  _cerr
 12AA:39B0 idle  _cin
 12AA:3A24       _clog
 0000:318F       _close
 12AA:39D8       _cout
 0000:1EA6 idle  _cprintf
 12AA:1A70       _daylight
 12AA:19E7       _directvideo
 0000:41F0       _dostounix
 12AA:01BB idle  _egesz_kocka_elforditasa
 12AA:01D1 idle  _elhelyezes_mod
 12AA:1A3A       _environ
 0000:31D5       _eof
 12AA:0094       _errno
 0000:108C       _exit
 0000:25F1       _farcalloc
 0000:21BC       _farfree
 0000:22C6       _farmalloc
 0000:2423 idle  _farrealloc
 0000:324C       _fclose
 0000:32CD       _fflush
 0000:38CF idle  _fgetc
 0000:397E idle  _fgetchar
 0000:334E       _flushall
 0000:3509       _fopen
 0000:3528       _fprintf
 0000:3C47       _fputc
 0000:3D7D idle  _fputchar
 0000:3615       _fread
 0000:2943       _free
 0000:36BD       _fseek
 0000:3725 idle  _ftell
 0000:37EC       _fwrite
 12AA:2E6A idle  _gcursor
 0000:267A       _getch
 0000:2696 idle  _getche
 0000:111B       _getdate
 0000:3988       _getenv
 0000:2721       _gettext
 0000:112E       _gettime
 0000:26D8       _gotoxy
 12AA:0B32 idle  _hossz
 0000:27C9       _intr
 0000:286D       _ioctl
 0000:13B3       _isatty
 0000:2894       _kbhit
 12AA:00E3 idle  _kocka
 12AA:390C idle  _Kocka
 12AA:2D76 idle  _kockaAdatFajl
 12AA:1D6A idle  _kocka_helye
 12AA:1D76 idle  _kocka_sarkai
 12AA:1C92 idle  _koord
 12AA:2E68 idle  _lap
 12AA:1DD6 idle  _lap_kozepe
 12AA:1E96 idle  _lathato_lapok
 12AA:01D3 idle  _light
 12AA:00AD idle  _LIGHTX
 12AA:00AF idle  _LIGHTY
 12AA:00B1 idle  _LIGHTZ
 0000:145E       _lseek
 068B:0000       _main
 0000:2A12       _malloc
 0000:0E53       _matherr
 12AA:00AC idle  _MAXMELYSEG
 12AA:1F1C idle  _maxx
 12AA:1F1A idle  _maxy
 0000:39E7       _memcpy
 0000:3A2C       _memset
 0000:28A6       _movetext
 12AA:1EAE idle  _oldalak
 12AA:3064 idle  _oldkocka
 12AA:2DDC idle  _oldKocka
 0000:3A72       _open
 12AA:01CB       _optimalizalas_foka
 12AA:2D8C idle  _out
 12AA:1E36 idle  _perspekt_koord
 0000:0E48       _pow10
 0000:3C17       _printf
 0000:2BBE       _putch
 0000:2775       _puttext
 0000:15B8       _rand
 12AA:2D8A idle  _randominit
 0000:4005       _read
 0000:2B6B idle  _realloc
 12AA:01CD       _sajat_kocka_kirakasa
 0000:1D63 idle  _sbrk
 0000:3033       _setblock
 0000:160B       _setdate
 0000:3A06 idle  _setmem
 0000:161E       _settime
 0000:4008       _setvbuf
 12AA:1F66 idle  _Sin
 0000:0EB8       _sin
 12AA:00AA idle  _speed
 0000:0E79       _sqrt
 0000:15A7       _srand
 0000:16D6 idle  _stime
 0000:40E0       _strcat
 0000:4119       _strcmp
 0000:4148       _strcpy
 0000:416A       _stricmp
 0000:41AA       _strlen
 0000:41C4       _strncpy
 12AA:1394 idle  _sum
 12AA:01BF idle  _szinek
 0000:30AC       _textmode
 0000:170E       _time
 12AA:1A6C       _timezone
 12AA:1A68 idle  _tzname
 0000:44D9       _tzset
 0000:26BA       _ungetch
 0000:4309       _unixtodos
 0000:175B       _unlink
 12AA:1F1E idle  _vektor
 12AA:2E64 idle  _VESAgran
 0000:30D5 idle  _wherex
 0000:30E4 idle  _wherey
 0000:4881       _write
 12AA:13B0       __8087
 0000:1000 idle  __AHINCR
 0000:000C idle  __AHSHIFT
 12AA:1A2C idle  __argc
 12AA:1A2E idle  __argv
 12AA:1680       __atexitcnt
 12AA:390E       __atexittbl
 0000:2513       __brk
 12AA:00A2       __brklvl
 12AA:0084       __C0argc
 12AA:0086       __C0argv
 0000:1F7F idle  __c0crtinit
 12AA:0088       __C0environ
 12AA:1A25       __cChar
 0000:10AD idle  __cexit
 12AA:1A24       __cFlag
 0000:0176       __checknull
 0000:3174       __chmod
 0000:0163       __cleanup
 0000:31B7       __close
 0000:1D73       __CPUTN
 0000:1F9C       __crtinit
 12AA:1682       __ctype
 0000:0000  Abs  __cvtfak
 0000:10BB idle  __c_exit
 12AA:13C4       __default87
 12AA:1902       __doserrno
 0000:13A1       __DOSERROR
 12AA:1904 idle  __dosErrorToSV
 0000:0FFC       __dos_getfileattr
 0000:1019 idle  __dos_setfileattr
 12AA:1570       __emu
 12AA:008A       __envLng
 12AA:008C       __envseg
 12AA:008E       __envSize
 0000:109B       __exit
 12AA:1784       __exitbuf
 12AA:1788       __exitfopen
 12AA:178C idle  __exitopen
 0000:38BA       __fgetc
 12AA:1A26 idle  __first
 0000:8087 idle  __floatconvert
 0000:48CF       __fmemcpy
 0000:4917       __fmemset
 12AA:18FA       __fmode
 0000:0CD9       __fperror
 12AA:18FE       __fpstklen
 0000:051C       __fpuint
 0000:3C2E idle  __fputc
 0000:3D8F       __FPUTN
 0000:48F3 idle  __fsetmem
 0000:34DE idle  __GETFP
 12AA:009E       __heapbase
 12AA:1900       __heaplen
 12AA:00A6       __heaptop
 12AA:13CA       __huge_dble
 12AA:13C6 idle  __huge_flt
 12AA:13D2 idle  __huge_ldble
 12AA:13DC idle  __indefinite
 12AA:0074 idle  __Int0Vector
 12AA:0078 idle  __Int4Vector
 12AA:007C idle  __Int5Vector
 12AA:0080 idle  __Int6Vector
 0000:1368       __IOERROR
 0000:465A       __ISDST
 12AA:1A28 idle  __last
 12AA:13C1       __LDT
 0000:0520       __LDTRUNC
 0000:13C4       __LONGTOA
 0000:0F05       __matherr
 12AA:13EA       __mathwhy
 0000:1487       __MKNAME
 0000:02C6 idle  __MMODEL
 12AA:1A4E idle  __monthDay
 12AA:399C idle  __new_handler
 0000:38CC idle  __Nfgetc
 12AA:18D0       __nfile
 0000:2693 idle  __Ngetche
 12AA:18FC       __notUmask
 0000:26B7 idle  __Nungetch
 0000:3BCA       __open
 12AA:18D2       __openfd
 0000:3442 idle  __OPENFP
 12AA:0092       __osmajor
 12AA:0093 idle  __osminor
 12AA:0092 idle  __osversion
 0000:0D7F       __POW10
 12AA:13C0       __protected
 12AA:0090       __psp
 0000:15DE       __read
 0000:2BD1       __REALCVT
 12AA:1C34       __RealCvtVector
 0000:01F3       __restorezero
 12AA:1A2A idle  __rover
 0000:2552       __sbrk
 12AA:1C38 idle  __ScanTodVector
 0000:2D01       __SCREENIO
 0000:2DB4       __SCROLL
 0000:0000  Abs  __setargv__
 0000:0000 idle  __setenvp__
 0000:1631       __setupio
 12AA:0096 idle  __StartTime
 12AA:196C       __stklen
 0000:1CDB       __stpcpy
 12AA:1790       __streams
 0000:019E       __terminate
 12AA:13E0 idle  __tiny_ldble
 0000:14C6 idle  __TMPNAM
 0000:0000 idle  __turboCrt
 0000:0000  Abs  __turboCvt
 0000:8087  Abs  __turboFloat
 0000:1441       __UTOA
 0000:2D3D       __VALIDATEXY
 12AA:0092       __version
 12AA:19D8       __video
 0000:1EF4       __VideoInt
 0000:1789       __VPRINTER
 0000:1C3C       __VPTR
 0000:1C61       __VRAM
 0000:30CB       __wherexy
 0000:4847       __write
 12AA:19D6       __wscroll
 0000:0AD0       __XCVT
 0000:4884       __xfclose
 0000:48AC       __xfflush
 0000:1D04       ___brk
 12AA:009C       ___brklvl
 0000:207C idle  ___first
 0000:0435 idle  ___fpreset
 12AA:009A idle  ___heapbase
 0000:207E idle  ___last
 0000:3F37       ___read
 0000:2080 idle  ___rover
 0000:1D26       ___sbrk
 12AA:39A0       ___SignalPtr
 12AA:3A4E idle  ___stderr_streambuf
 12AA:3A4A idle  ___stdin_streambuf
 12AA:3A4C idle  ___stdout_streambuf
 0000:4739       ___write

  Address         Publics by Value

 0000:0000  Abs  __setargv__
 0000:0000  Abs  __turboCvt
 0000:0000 idle  __turboCrt
 0000:0000  Abs  __cvtfak
 0000:0000 idle  __setenvp__
 0000:000C idle  __AHSHIFT
 0000:0163       __cleanup
 0000:0176       __checknull
 0000:019E       __terminate
 0000:01F3       __restorezero
 0000:02AD       _abort
 0000:02C4 idle  DGROUP@
 0000:02C6 idle  __MMODEL
 0000:0435 idle  ___fpreset
 0000:051C       __fpuint
 0000:0520       __LDTRUNC
 0000:0632 idle  FISRQQ
 0000:0AD0       __XCVT
 0000:0CD9       __fperror
 0000:0D7F       __POW10
 0000:0E32 idle  FICRQQ
 0000:0E48       _pow10
 0000:0E53       _matherr
 0000:0E79       _sqrt
 0000:0EB8       _sin
 0000:0F05       __matherr
 0000:0F95       F_FTOL@
 0000:0F95 idle  FTOL@
 0000:0FC1 idle  _atexit
 0000:0FEE       operator delete(void near*)
 0000:0FFC       __dos_getfileattr
 0000:1000 idle  __AHINCR
 0000:1019 idle  __dos_setfileattr
 0000:108C       _exit
 0000:109B       __exit
 0000:10AD idle  __cexit
 0000:10BB idle  __c_exit
 0000:10C7       F_LXMUL@
 0000:10C7 idle  LXMUL@
 0000:10DE       F_PCMP@
 0000:10DE idle  PCMP@
 0000:10FF       F_SCOPY@
 0000:10FF idle  SCOPY@
 0000:111B       _getdate
 0000:112E       _gettime
 0000:1141       N_LDIV@
 0000:1144       F_LDIV@
 0000:1144 idle  LDIV@
 0000:1148       N_LUDIV@
 0000:114B idle  F_LUDIV@
 0000:114B idle  LUDIV@
 0000:1150       N_LMOD@
 0000:1153       F_LMOD@
 0000:1153 idle  LMOD@
 0000:1158       N_LUMOD@
 0000:115B idle  LUMOD@
 0000:115B idle  F_LUMOD@
 0000:11EF       N_LXLSH@
 0000:11F2       F_LXLSH@
 0000:11F2 idle  LXLSH@
 0000:1210       N_LXURSH@
 0000:1213 idle  LXURSH@
 0000:1213 idle  F_LXURSH@
 0000:1231       N_PADA@
 0000:1234       F_PADA@
 0000:1234 idle  PADA@
 0000:1275 idle  N_PSBA@
 0000:1278       F_PSBA@
 0000:1278 idle  PSBA@
 0000:12B9       N_PADD@
 0000:12BC       F_PADD@
 0000:12BC idle  PADD@
 0000:12E8 idle  N_PSUB@
 0000:12EB idle  F_PSUB@
 0000:12EB idle  PSUB@
 0000:1319 idle  N_PSBP@
 0000:131C       F_PSBP@
 0000:131C idle  PSBP@
 0000:1341 idle  N_SPUSH@
 0000:1347       F_SPUSH@
 0000:1347 idle  SPUSH@
 0000:1368       __IOERROR
 0000:13A1       __DOSERROR
 0000:13B3       _isatty
 0000:13C4       __LONGTOA
 0000:1441       __UTOA
 0000:145E       _lseek
 0000:1487       __MKNAME
 0000:14C6 idle  __TMPNAM
 0000:1509 idle  set_new_handler(void(far*)())
 0000:1533       operator new(unsigned int)
 0000:156F       N_LXMUL@
 0000:1586       N_PCMP@
 0000:15A7       _srand
 0000:15B8       _rand
 0000:15DE       __read
 0000:160B       _setdate
 0000:161E       _settime
 0000:1631       __setupio
 0000:1632  Abs  FIERQQ
 0000:16D6 idle  _stime
 0000:170E       _time
 0000:175B       _unlink
 0000:1789       __VPRINTER
 0000:1C3C       __VPTR
 0000:1C61       __VRAM
 0000:1CDB       __stpcpy
 0000:1D04       ___brk
 0000:1D26       ___sbrk
 0000:1D57 idle  _brk
 0000:1D63 idle  _sbrk
 0000:1D73       __CPUTN
 0000:1EA6 idle  _cprintf
 0000:1EF4       __VideoInt
 0000:1F7F idle  __c0crtinit
 0000:1F9C       __crtinit
 0000:207C idle  ___first
 0000:207E idle  ___last
 0000:2080 idle  ___rover
 0000:21BC       _farfree
 0000:22C6       _farmalloc
 0000:2423 idle  _farrealloc
 0000:2513       __brk
 0000:2552       __sbrk
 0000:25F1       _farcalloc
 0000:267A       _getch
 0000:2693 idle  __Ngetche
 0000:2696 idle  _getche
 0000:26B7 idle  __Nungetch
 0000:26BA       _ungetch
 0000:26D8       _gotoxy
 0000:2721       _gettext
 0000:2775       _puttext
 0000:27C9       _intr
 0000:286D       _ioctl
 0000:2894       _kbhit
 0000:28A6       _movetext
 0000:2943       _free
 0000:2A12       _malloc
 0000:2B6B idle  _realloc
 0000:2BBE       _putch
 0000:2BD1       __REALCVT
 0000:2D01       __SCREENIO
 0000:2D3D       __VALIDATEXY
 0000:2DB4       __SCROLL
 0000:3033       _setblock
 0000:30AC       _textmode
 0000:30CB       __wherexy
 0000:30D5 idle  _wherex
 0000:30E4 idle  _wherey
 0000:30F7       _atol
 0000:3167 idle  _atoi
 0000:3174       __chmod
 0000:318F       _close
 0000:31B7       __close
 0000:31D5       _eof
 0000:324C       _fclose
 0000:32CD       _fflush
 0000:334E       _flushall
 0000:3442 idle  __OPENFP
 0000:34DE idle  __GETFP
 0000:3509       _fopen
 0000:3528       _fprintf
 0000:3615       _fread
 0000:36BD       _fseek
 0000:3725 idle  _ftell
 0000:37EC       _fwrite
 0000:38BA       __fgetc
 0000:38CC idle  __Nfgetc
 0000:38CF idle  _fgetc
 0000:397E idle  _fgetchar
 0000:3988       _getenv
 0000:39E7       _memcpy
 0000:3A06 idle  _setmem
 0000:3A2C       _memset
 0000:3A72       _open
 0000:3BCA       __open
 0000:3C17       _printf
 0000:3C2E idle  __fputc
 0000:3C47       _fputc
 0000:3D7D idle  _fputchar
 0000:3D8F       __FPUTN
 0000:3F37       ___read
 0000:4000 idle  FJARQQ
 0000:4005       _read
 0000:4008       _setvbuf
 0000:40E0       _strcat
 0000:4119       _strcmp
 0000:4148       _strcpy
 0000:416A       _stricmp
 0000:41AA       _strlen
 0000:41C4       _strncpy
 0000:41F0       _dostounix
 0000:4309       _unixtodos
 0000:44D9       _tzset
 0000:465A       __ISDST
 0000:4739       ___write
 0000:4847       __write
 0000:4881       _write
 0000:4884       __xfclose
 0000:48AC       __xfflush
 0000:48CF       __fmemcpy
 0000:48F3 idle  __fsetmem
 0000:4917       __fmemset
 0000:4A71 idle  Iostream_delete()
 0000:4B39       endl(ostream near&)
 0000:4B57       filebuf::close()
 0000:4BD0       filebuf::filebuf()
 0000:4C65       filebuf::filebuf(int)
 0000:4CFB       filebuf::~filebuf()
 0000:4D45       filebuf::overflow(int)
 0000:4E2B       filebuf::open(const char near*,int,int)
 0000:4F44       filebuf::setbuf(char near*,int)
 0000:4FCD       filebuf::seekoff(long,seek_dir,int)
 0000:50FC       filebuf::sync()
 0000:51FB       filebuf::underflow()
 0000:5335       fstreambase::fstreambase()
 0000:53A3       fstreambase::fstreambase(const char near*,int,int)
 0000:5423       fstreambase::~fstreambase()
 0000:5481       fstreambase::open(const char near*,int,int)
 0000:54DB idle  ifstream::ifstream(const char near*,int,int)
 0000:555A       ifstream::ifstream(const unsigned char near*,int,int)
 0000:55F1       ifstream::~ifstream()
 0000:566A       istream_withassign::operator =(streambuf near*)
 0000:5682       istream::istream()
 0000:56DA       istream_withassign::istream_withassign()
 0000:5739       istream::ipfx(int)
 0000:57B8       istream::~istream()
 0000:5805       istream_withassign::~istream_withassign()
 0000:585D       istream::eatwhite()
 0000:58E6       istream::operator >>(char near*)
 0000:59C8       ofstream::ofstream()
 0000:5A51       ofstream::~ofstream()
 0000:5ACA       ostream_withassign::operator =(streambuf near*)
 0000:5AE2       ostream::ostream()
 0000:5B35       ostream_withassign::ostream_withassign()
 0000:5B94       ostream::~ostream()
 0000:5BE8       ostream_withassign::~ostream_withassign()
 0000:5C32  Abs  FIDRQQ
 0000:5C40       ostream::flush()
 0000:5D27       ostream::operator <<(long)
 0000:5E5D idle  ostream::operator <<(unsigned long)
 0000:5F2F       ostream::operator <<(char)
 0000:60A9       ostream::do_opfx()
 0000:60D2       ostream::do_osfx()
 0000:6118       ostream::outstr(const char near*,const char near*)
 0000:6338       streambuf::doallocate()
 0000:636A       streambuf::streambuf()
 0000:63C0       streambuf::do_sgetn(char near*,int)
 0000:644A       streambuf::do_sputn(const char near*,int)
 0000:64C8       streambuf::~streambuf()
 0000:64FB       streambuf::overflow(int)
 0000:6506       streambuf::pbackfail(int)
 0000:6511       streambuf::setbuf(char near*,int)
 0000:6533       streambuf::setb(char near*,char near*,int)
 0000:659A       streambuf::setg(char near*,char near*,char near*)
 0000:65D6       streambuf::setp(char near*,char near*)
 0000:6603       streambuf::seekoff(long,seek_dir,int)
 0000:6611       streambuf::seekpos(long,int)
 0000:6630       streambuf::sputn(const char near*,int)
 0000:6676       streambuf::sync()
 0000:66AE       streambuf::underflow()
 0000:66D2       ios::clear(int)
 0000:6706       ios::ios()
 0000:672F       ios::~ios()
 0000:6762       ios::init(streambuf near*)
 0000:67A0       ios::setf(long)
 0000:684D       ios::setstate(int)
 0000:6872       ios::tie(ostream near*)
 0000:8000 idle  FJSRQQ
 0000:8087  Abs  __turboFloat
 0000:8087 idle  __floatconvert
 0000:A23D  Abs  FIWRQQ
 0000:C000 idle  FJCRQQ
 0000:FE32 idle  FIARQQ
 068B:0000       _main
 068B:047F       Abort(int,unsigned char near*)
 068B:04AF idle  atad()
 068B:1018 idle  kever()
 068B:10D0       kocka_rajz()
 068B:11BF idle  forgat_rajz(int,int,int,int,int,int,int)
 068B:2887 idle  forgat_atszinez(int,int,int,int)
 068B:2BC6       forgat(int,int,int,int,int)
 068B:31F1 idle  mentkocka()
 068B:3252 idle  betoltkocka()
 068B:32D6 idle  ment()
 068B:36FE idle  kocka_allapot(int)
 068B:3FFA idle  sum(koordinata,floatkoord)
 068B:4057 idle  skal(floatkoord,koordinata)
 068B:408F idle  hossz(floatkoord2d)
 068B:40BA idle  hossz(floatkoord)
 068B:40F0 idle  hossz(koordinata)
 068B:4154 idle  set(koordinata far*,int,int,int)
 068B:4176 idle  sign(float)
 068B:419E idle  hol_all_az_eger(int near&,int near&,int near&,int near&,int,int)
 068B:44F9 idle  kocka_beolvasas()
 0B19:0007 idle  pow(long,int)
 0B19:005C idle  keres(unsigned char near*,unsigned char near*)
 0B19:0104 idle  play(unsigned char near*,int)
 0B19:0151 idle  expand(unsigned char near*,unsigned char near*)
 0B19:0186 idle  novel(unsigned char near*,int)
 0B19:01BE idle  w(int[6][9]near*)
 0B19:0203 idle  w2(int[6][9]near*)
 0B19:0299 idle  melyiksarok(int,int)
 0B19:0408 idle  p(int[6][9]near*)
 0B19:0521 idle  playWithoutDrawing(unsigned char near*)
 0B19:0594 idle  test(int[6][9]near*,unsigned char near*,int)
 0B19:05DD idle  vissza(int[6][9]near*,unsigned char near*,int near*,long near*)
 0B19:0623 idle  next(int[6][9]near*,long near*,int)
 0B19:06ED idle  kovetkezo(int[6][9]near*,unsigned char near*,int near*,long near*)
 0B19:081F       backTrack(int[6][9]near*,int)
 0B19:09AA idle  legrosszabb(int[6][9]near*,int)
 0BDC:000E       setgraphmode()
 0BDC:00D7       drawscreen()
 0BDC:0172       closegraph()
 0BDC:0198       setcolor(int)
 0BDC:01A3       paletteinit()
 0BDC:02F0       getpixel(int,int)
 0BDC:0331 idle  putpixel(int,int,unsigned char)
 0BDC:03A0       cleardevice()
 0BDC:040A       setbkcolor(int)
 0BDC:0462       perspect(int near*,int near*,int)
 0BDC:04BD idle  line2d(int,int,int,int,scankoord far*)
 0BDC:06D7       rectangle3d()
 0BDC:0FC3       putpicture(unsigned char near*,int,int,int,int)
 0BDC:10ED idle  getpicture(unsigned char near*,int,int,int,int)
 0BDC:1162 idle  test_screen_draw_speed(int)
 0BDC:1186 idle  teszt_szamolasi_sebesseg()
 0BDC:1305       rectangle2D(int,int,int,int,int,int)
 0D20:0005 idle  cmouse(unsigned int near*,unsigned int near*,unsigned int near*,unsigned int near*)
 0D20:0058       mouseinit()
 0D20:02BD       mouse_status(int)
 0D20:02CD idle  showcursor()
 0D20:0306 idle  hidecursor()
 0D20:030B       mousepos(unsigned int near*,unsigned int near*,unsigned int near*)
 0D20:03B7 idle  setmouse(unsigned int,unsigned int)
 0D5F:0001 idle  kirakva_teteje()
 0D5F:006F idle  kirakva_kozepe()
 0D5F:00B9 idle  kirakva_alja()
 0D5F:0124 idle  kirakva_kocka()
 0D5F:014A idle  feljegyez(unsigned char near*)
 0D5F:0246       gyorsforgatas(unsigned char near*)
 0D5F:0324 idle  gyorsforgatas(int)
 0D5F:0454 idle  e_kozeprol_keresztbe()
 0D5F:0612 idle  e_keresztbol_kozepre()
 0D5F:0691 idle  e_lentrol_kozepre()
 0D5F:07B5 idle  e_alulrol_kozepre()
 0D5F:08D9 idle  e_fentrol_kozepre()
 0D5F:0999 idle  e_lentrol_sarokba()
 0D5F:0B55 idle  e_alulrol_lentre()
 0D5F:0CBA idle  e_sarokbol_lentre()
 0D5F:0DB0 idle  e_fentrol_lentre()
 0D5F:0EB0 idle  m_fentrol_kozepre()
 0D5F:0FD5 idle  m_kozeprol_fentre()
 0D5F:1095 idle  sarokkocka_helyen(int)
 0D5F:1271 idle  sarokkockak_helyre()
 0D5F:13A1 idle  sarokkockak_szinre()
 0D5F:154B idle  elkocka_helyen(int)
 0D5F:1698 idle  elkockak_helyre()
 0D5F:1764 idle  elkockak_szinre()
 0D5F:1816 idle  kirak_teteje()
 0D5F:193A idle  kirak_kozepe()
 0D5F:1961 idle  kirak_alja()
 0D5F:19A2       kirak_kocka(int[6][9]near*)
 0F0A:000E idle  ekv(forgatas,forgatas)
 0F0A:0034 idle  cpy(forgatas far*,forgatas)
 0F0A:0056 idle  add(forgatas,forgatas)
 0F0A:01E4 idle  ford_r(unsigned char)
 0F0A:0216 idle  ford_i(unsigned char)
 0F0A:0229       optimize(unsigned char near*)
 0FD5:2152       e086_Entry
 0FD5:26E0       e086_Shortcut
 124D:0306       e087_Entry
 124D:03C6       e087_Shortcut
 124D:0430       e087_Trap
 12AA:0000 idle  DATASEG@
 12AA:0074 idle  __Int0Vector
 12AA:0078 idle  __Int4Vector
 12AA:007C idle  __Int5Vector
 12AA:0080 idle  __Int6Vector
 12AA:0084       __C0argc
 12AA:0086       __C0argv
 12AA:0088       __C0environ
 12AA:008A       __envLng
 12AA:008C       __envseg
 12AA:008E       __envSize
 12AA:0090       __psp
 12AA:0092 idle  __osversion
 12AA:0092       __osmajor
 12AA:0092       __version
 12AA:0093 idle  __osminor
 12AA:0094       _errno
 12AA:0096 idle  __StartTime
 12AA:009A idle  ___heapbase
 12AA:009C       ___brklvl
 12AA:009E       __heapbase
 12AA:00A2       __brklvl
 12AA:00A6       __heaptop
 12AA:00AA idle  _speed
 12AA:00AC idle  _MAXMELYSEG
 12AA:00AD idle  _LIGHTX
 12AA:00AF idle  _LIGHTY
 12AA:00B1 idle  _LIGHTZ
 12AA:00B3 idle  _box
 12AA:00E3 idle  _kocka
 12AA:01BB idle  _egesz_kocka_elforditasa
 12AA:01BF idle  _szinek
 12AA:01CB       _optimalizalas_foka
 12AA:01CD       _sajat_kocka_kirakasa
 12AA:01CF idle  _aktiv_kocka
 12AA:01D1 idle  _elhelyezes_mod
 12AA:01D3 idle  _light
 12AA:0B32 idle  _hossz
 12AA:1394 idle  _sum
 12AA:13B0       __8087
 12AA:13C0       __protected
 12AA:13C1       __LDT
 12AA:13C4       __default87
 12AA:13C6 idle  __huge_flt
 12AA:13CA       __huge_dble
 12AA:13D2 idle  __huge_ldble
 12AA:13DC idle  __indefinite
 12AA:13E0 idle  __tiny_ldble
 12AA:13EA       __mathwhy
 12AA:1570       __emu
 12AA:1680       __atexitcnt
 12AA:1682       __ctype
 12AA:1784       __exitbuf
 12AA:1788       __exitfopen
 12AA:178C idle  __exitopen
 12AA:1790       __streams
 12AA:18D0       __nfile
 12AA:18D2       __openfd
 12AA:18FA       __fmode
 12AA:18FC       __notUmask
 12AA:18FE       __fpstklen
 12AA:1900       __heaplen
 12AA:1902       __doserrno
 12AA:1904 idle  __dosErrorToSV
 12AA:196C       __stklen
 12AA:19D6       __wscroll
 12AA:19D8       __video
 12AA:19E7       _directvideo
 12AA:1A24       __cFlag
 12AA:1A25       __cChar
 12AA:1A26 idle  __first
 12AA:1A28 idle  __last
 12AA:1A2A idle  __rover
 12AA:1A2C idle  __argc
 12AA:1A2E idle  __argv
 12AA:1A3A       _environ
 12AA:1A4E idle  __monthDay
 12AA:1A68 idle  _tzname
 12AA:1A6C       _timezone
 12AA:1A70       _daylight
 12AA:1AD6       filebuf::openprot
 12AA:1C1E       ios::basefield
 12AA:1C22       ios::adjustfield
 12AA:1C26       ios::floatfield
 12AA:1C2A idle  ios::nextbit
 12AA:1C2E idle  ios::usercount
 12AA:1C34       __RealCvtVector
 12AA:1C38 idle  __ScanTodVector
 12AA:1C92 idle  _koord
 12AA:1D52       _boxkoord
 12AA:1D6A idle  _kocka_helye
 12AA:1D76 idle  _kocka_sarkai
 12AA:1DD6 idle  _lap_kozepe
 12AA:1E36 idle  _perspekt_koord
 12AA:1E96 idle  _lathato_lapok
 12AA:1EAE idle  _oldalak
 12AA:1F1A idle  _maxy
 12AA:1F1C idle  _maxx
 12AA:1F1E idle  _vektor
 12AA:1F66 idle  _Sin
 12AA:2D76 idle  _kockaAdatFajl
 12AA:2D8A idle  _randominit
 12AA:2D8C idle  _out
 12AA:2DDC idle  _oldKocka
 12AA:2E64 idle  _VESAgran
 12AA:2E66 idle  _activepage
 12AA:2E68 idle  _lap
 12AA:2E6A idle  _gcursor
 12AA:3064 idle  _oldkocka
 12AA:313C idle  _algoritmus
 12AA:390C idle  _Kocka
 12AA:390E       __atexittbl
 12AA:399C idle  __new_handler
 12AA:39A0       ___SignalPtr
 12AA:39B0 idle  _cin
 12AA:39D8       _cout
 12AA:39FE idle  _cerr
 12AA:3A24       _clog
 12AA:3A4A idle  ___stdin_streambuf
 12AA:3A4C idle  ___stdout_streambuf
 12AA:3A4E idle  ___stderr_streambuf
 12AA:3A50 idle  ios::stdioflush

Program entry point at 0000:0000

